Archive member included to satisfy reference by file (symbol)

c:/program files (x86)/atmel/studio/7.0/toolchain/avr8/avr8-gnu-toolchain/bin/../lib/gcc/avr/5.4.0/../../../../avr/lib/avr6\libm.a(addsf3.o)
                              User/Src/Errors.o (__subsf3)
c:/program files (x86)/atmel/studio/7.0/toolchain/avr8/avr8-gnu-toolchain/bin/../lib/gcc/avr/5.4.0/../../../../avr/lib/avr6\libm.a(addsf3x.o)
                              c:/program files (x86)/atmel/studio/7.0/toolchain/avr8/avr8-gnu-toolchain/bin/../lib/gcc/avr/5.4.0/../../../../avr/lib/avr6\libm.a(addsf3.o) (__addsf3x)
c:/program files (x86)/atmel/studio/7.0/toolchain/avr8/avr8-gnu-toolchain/bin/../lib/gcc/avr/5.4.0/../../../../avr/lib/avr6\libm.a(cmpsf2.o)
                              User/Src/Sensors.o (__eqsf2)
c:/program files (x86)/atmel/studio/7.0/toolchain/avr8/avr8-gnu-toolchain/bin/../lib/gcc/avr/5.4.0/../../../../avr/lib/avr6\libm.a(divsf3.o)
                              User/Src/Sensors.o (__divsf3)
c:/program files (x86)/atmel/studio/7.0/toolchain/avr8/avr8-gnu-toolchain/bin/../lib/gcc/avr/5.4.0/../../../../avr/lib/avr6\libm.a(divsf3x.o)
                              c:/program files (x86)/atmel/studio/7.0/toolchain/avr8/avr8-gnu-toolchain/bin/../lib/gcc/avr/5.4.0/../../../../avr/lib/avr6\libm.a(divsf3.o) (__divsf3x)
c:/program files (x86)/atmel/studio/7.0/toolchain/avr8/avr8-gnu-toolchain/bin/../lib/gcc/avr/5.4.0/../../../../avr/lib/avr6\libm.a(fixsfsi.o)
                              User/Src/Errors.o (__fixsfsi)
c:/program files (x86)/atmel/studio/7.0/toolchain/avr8/avr8-gnu-toolchain/bin/../lib/gcc/avr/5.4.0/../../../../avr/lib/avr6\libm.a(fixunssfsi.o)
                              c:/program files (x86)/atmel/studio/7.0/toolchain/avr8/avr8-gnu-toolchain/bin/../lib/gcc/avr/5.4.0/../../../../avr/lib/avr6\libm.a(fixsfsi.o) (__fixunssfsi)
c:/program files (x86)/atmel/studio/7.0/toolchain/avr8/avr8-gnu-toolchain/bin/../lib/gcc/avr/5.4.0/../../../../avr/lib/avr6\libm.a(floatsisf.o)
                              User/Src/ModBus.o (__floatunsisf)
c:/program files (x86)/atmel/studio/7.0/toolchain/avr8/avr8-gnu-toolchain/bin/../lib/gcc/avr/5.4.0/../../../../avr/lib/avr6\libm.a(fp_cmp.o)
                              c:/program files (x86)/atmel/studio/7.0/toolchain/avr8/avr8-gnu-toolchain/bin/../lib/gcc/avr/5.4.0/../../../../avr/lib/avr6\libm.a(cmpsf2.o) (__fp_cmp)
c:/program files (x86)/atmel/studio/7.0/toolchain/avr8/avr8-gnu-toolchain/bin/../lib/gcc/avr/5.4.0/../../../../avr/lib/avr6\libm.a(fp_inf.o)
                              c:/program files (x86)/atmel/studio/7.0/toolchain/avr8/avr8-gnu-toolchain/bin/../lib/gcc/avr/5.4.0/../../../../avr/lib/avr6\libm.a(addsf3x.o) (__fp_inf)
c:/program files (x86)/atmel/studio/7.0/toolchain/avr8/avr8-gnu-toolchain/bin/../lib/gcc/avr/5.4.0/../../../../avr/lib/avr6\libm.a(fp_nan.o)
                              c:/program files (x86)/atmel/studio/7.0/toolchain/avr8/avr8-gnu-toolchain/bin/../lib/gcc/avr/5.4.0/../../../../avr/lib/avr6\libm.a(addsf3x.o) (__fp_nan)
c:/program files (x86)/atmel/studio/7.0/toolchain/avr8/avr8-gnu-toolchain/bin/../lib/gcc/avr/5.4.0/../../../../avr/lib/avr6\libm.a(fp_pscA.o)
                              c:/program files (x86)/atmel/studio/7.0/toolchain/avr8/avr8-gnu-toolchain/bin/../lib/gcc/avr/5.4.0/../../../../avr/lib/avr6\libm.a(addsf3x.o) (__fp_pscA)
c:/program files (x86)/atmel/studio/7.0/toolchain/avr8/avr8-gnu-toolchain/bin/../lib/gcc/avr/5.4.0/../../../../avr/lib/avr6\libm.a(fp_pscB.o)
                              c:/program files (x86)/atmel/studio/7.0/toolchain/avr8/avr8-gnu-toolchain/bin/../lib/gcc/avr/5.4.0/../../../../avr/lib/avr6\libm.a(addsf3x.o) (__fp_pscB)
c:/program files (x86)/atmel/studio/7.0/toolchain/avr8/avr8-gnu-toolchain/bin/../lib/gcc/avr/5.4.0/../../../../avr/lib/avr6\libm.a(fp_round.o)
                              c:/program files (x86)/atmel/studio/7.0/toolchain/avr8/avr8-gnu-toolchain/bin/../lib/gcc/avr/5.4.0/../../../../avr/lib/avr6\libm.a(addsf3.o) (__fp_round)
c:/program files (x86)/atmel/studio/7.0/toolchain/avr8/avr8-gnu-toolchain/bin/../lib/gcc/avr/5.4.0/../../../../avr/lib/avr6\libm.a(fp_split3.o)
                              c:/program files (x86)/atmel/studio/7.0/toolchain/avr8/avr8-gnu-toolchain/bin/../lib/gcc/avr/5.4.0/../../../../avr/lib/avr6\libm.a(addsf3x.o) (__fp_split3)
c:/program files (x86)/atmel/studio/7.0/toolchain/avr8/avr8-gnu-toolchain/bin/../lib/gcc/avr/5.4.0/../../../../avr/lib/avr6\libm.a(fp_zero.o)
                              c:/program files (x86)/atmel/studio/7.0/toolchain/avr8/avr8-gnu-toolchain/bin/../lib/gcc/avr/5.4.0/../../../../avr/lib/avr6\libm.a(addsf3x.o) (__fp_zero)
c:/program files (x86)/atmel/studio/7.0/toolchain/avr8/avr8-gnu-toolchain/bin/../lib/gcc/avr/5.4.0/../../../../avr/lib/avr6\libm.a(gesf2.o)
                              User/Src/Sensors.o (__gesf2)
c:/program files (x86)/atmel/studio/7.0/toolchain/avr8/avr8-gnu-toolchain/bin/../lib/gcc/avr/5.4.0/../../../../avr/lib/avr6\libm.a(log.o)
[...]
Memory Configuration

Name             Origin             Length             Attributes
text             0x00000000         0x00100000         xr
data             0x00800200         0x0000fe00         rw !x
eeprom           0x00810000         0x00010000         rw !x
fuse             0x00820000         0x00000003         rw !x
lock             0x00830000         0x00000400         rw !x
signature        0x00840000         0x00000400         rw !x
user_signatures  0x00850000         0x00000400         rw !x
*default*        0x00000000         0xffffffff

Linker script and memory map

Address of section .data set to 0x800200
LOAD C:/Program Files (x86)/Atmel/Studio/7.0/Packs/atmel/ATmega_DFP/1.2.209/gcc/dev/atmega2560/avr6/crtatmega2560.o
LOAD FreeRTOS/MemManager/heap_3.o
LOAD FreeRTOS/portable/port.o
LOAD FreeRTOS/Src/croutine.o
LOAD FreeRTOS/Src/digitalAnalog.o
LOAD FreeRTOS/Src/event_groups.o
LOAD FreeRTOS/Src/hooks.o
LOAD FreeRTOS/Src/list.o
LOAD FreeRTOS/Src/queue.o
LOAD FreeRTOS/Src/serial.o
LOAD FreeRTOS/Src/spi.o
LOAD FreeRTOS/Src/tasks.o
LOAD FreeRTOS/Src/timers.o
LOAD main.o
LOAD User/Src/ade7758.o
LOAD User/Src/EEprom.o
LOAD User/Src/Errors.o
LOAD User/Src/ModBus.o
LOAD User/Src/Mods.o
LOAD User/Src/Sensors.o
LOAD User/Src/TRV.o
START GROUP
LOAD c:/program files (x86)/atmel/studio/7.0/toolchain/avr8/avr8-gnu-toolchain/bin/../lib/gcc/avr/5.4.0/../../../../avr/lib/avr6\libm.a
END GROUP
LOAD c:/program files (x86)/atmel/studio/7.0/toolchain/avr8/avr8-gnu-toolchain/bin/../lib/gcc/avr/5.4.0/../../../../avr/lib/avr6\libprintf_flt.a
START GROUP
LOAD c:/program files (x86)/atmel/studio/7.0/toolchain/avr8/avr8-gnu-toolchain/bin/../lib/gcc/avr/5.4.0/avr6\libgcc.a
LOAD c:/program files (x86)/atmel/studio/7.0/toolchain/avr8/avr8-gnu-toolchain/bin/../lib/gcc/avr/5.4.0/../../../../avr/lib/avr6\libm.a
LOAD c:/program files (x86)/atmel/studio/7.0/toolchain/avr8/avr8-gnu-toolchain/bin/../lib/gcc/avr/5.4.0/../../../../avr/lib/avr6\libc.a
LOAD C:/Program Files (x86)/Atmel/Studio/7.0/Packs/atmel/ATmega_DFP/1.2.209/gcc/dev/atmega2560/avr6\libatmega2560.a
END GROUP
                0x00100000                __TEXT_REGION_LENGTH__ = DEFINED (__TEXT_REGION_LENGTH__)?__TEXT_REGION_LENGTH__:0x100000
                0x0000fe00                __DATA_REGION_LENGTH__ = DEFINED (__DATA_REGION_LENGTH__)?__DATA_REGION_LENGTH__:0xfe00
                0x00010000                __EEPROM_REGION_LENGTH__ = DEFINED (__EEPROM_REGION_LENGTH__)?__EEPROM_REGION_LENGTH__:0x10000
                [0x00000003]                __FUSE_REGION_LENGTH__ = DEFINED (__FUSE_REGION_LENGTH__)?__FUSE_REGION_LENGTH__:0x400
                0x00000400                __LOCK_REGION_LENGTH__ = DEFINED (__LOCK_REGION_LENGTH__)?__LOCK_REGION_LENGTH__:0x400
                0x00000400                __SIGNATURE_REGION_LENGTH__ = DEFINED (__SIGNATURE_REGION_LENGTH__)?__SIGNATURE_REGION_LENGTH__:0x400
                0x00000400                __USER_SIGNATURE_REGION_LENGTH__ = DEFINED (__USER_SIGNATURE_REGION_LENGTH__)?__USER_SIGNATURE_REGION_LENGTH__:0x400

.hash
 *(.hash)

.dynsym
 *(.dynsym)

.dynstr
 *(.dynstr)

.gnu.version
 *(.gnu.version)

.gnu.version_d
 *(.gnu.version_d)

.gnu.version_r
 *(.gnu.version_r)

.rel.init
 *(.rel.init)

.rela.init
 *(.rela.init)

.rel.text
 *(.rel.text)
 *(.rel.text.*)
 *(.rel.gnu.linkonce.t*)

.rela.text
 *(.rela.text)
 *(.rela.text.*)
 *(.rela.gnu.linkonce.t*)

.rel.fini
 *(.rel.fini)

.rela.fini
 *(.rela.fini)

.rel.rodata
 *(.rel.rodata)
 *(.rel.rodata.*)
 *(.rel.gnu.linkonce.r*)

.rela.rodata
 *(.rela.rodata)
 *(.rela.rodata.*)
 *(.rela.gnu.linkonce.r*)

.rel.data
 *(.rel.data)
 *(.rel.data.*)
 *(.rel.gnu.linkonce.d*)

.rela.data
 *(.rela.data)
 *(.rela.data.*)
 *(.rela.gnu.linkonce.d*)

.rel.ctors
 *(.rel.ctors)

.rela.ctors
 *(.rela.ctors)

.rel.dtors
 *(.rel.dtors)

.rela.dtors
 *(.rela.dtors)

.rel.got
 *(.rel.got)

.rela.got
 *(.rela.got)

.rel.bss
 *(.rel.bss)

.rela.bss
 *(.rela.bss)

.rel.plt
 *(.rel.plt)

.rela.plt
 *(.rela.plt)

.text           0x00000000     0xb6ac
 *(.vectors)
 .vectors       0x00000000       0xe4 C:/Program Files (x86)/Atmel/Studio/7.0/Packs/atmel/ATmega_DFP/1.2.209/gcc/dev/atmega2560/avr6/crtatmega2560.o
                0x00000000                __vector_default
                0x00000000                __vectors
 *(.vectors)
 *(.progmem.gcc*)
 .progmem.gcc_sw_table.xSerialxPrint
                0x000000e4       0x10 FreeRTOS/Src/serial.o
 .progmem.gcc_sw_table.xSerialRxFlush
                0x000000f4       0x10 FreeRTOS/Src/serial.o
 .progmem.gcc_sw_table.xSerialPutChar
                0x00000104       0x10 FreeRTOS/Src/serial.o
 .progmem.gcc_sw_table.xSerialPortInitMinimal
                0x00000114       0x10 FreeRTOS/Src/serial.o
 .progmem.gcc_sw_table.prvTimerTask
                0x00000124       0x14 FreeRTOS/Src/timers.o
 .progmem.gcc_sw_table.readSysReg
                0x00000138      0x3ae User/Src/ModBus.o
 .progmem.gcc_sw_table.writeSysReg
                0x000004e6      0x3ae User/Src/ModBus.o
 .progmem.gcc_fplib
                0x00000894       0x5a c:/program files (x86)/atmel/studio/7.0/toolchain/avr8/avr8-gnu-toolchain/bin/../lib/gcc/avr/5.4.0/../../../../avr/lib/avr6\libm.a(log.o)
                0x000008ee                . = ALIGN (0x2)
                0x000008ee                __trampolines_start = .
 *(.trampolines)
 .trampolines   0x000008ee        0x0 linker stubs
 *(.trampolines*)
                0x000008ee                __trampolines_end = .
 *libprintf_flt.a:*(.progmem.data)
 .progmem.data  0x000008ee        0x8 c:/program files (x86)/atmel/studio/7.0/toolchain/avr8/avr8-gnu-toolchain/bin/../lib/gcc/avr/5.4.0/../../../../avr/lib/avr6\libprintf_flt.a(vfprintf_flt.o)
 *libc.a:*(.progmem.data)
 .progmem.data  0x000008f6       0xfa c:/program files (x86)/atmel/studio/7.0/toolchain/avr8/avr8-gnu-toolchain/bin/../lib/gcc/avr/5.4.0/../../../../avr/lib/avr6\libc.a(ftoa_engine.o)
 *(.progmem*)
 .progmem.data.R22_Saturation_Temp
                0x000009f0       0x80 User/Src/Sensors.o
                0x000009f0                R22_Saturation_Temp
                0x00000a70                . = ALIGN (0x2)
 *(.jumptables)
 *(.jumptables*)
 *(.lowtext)
 .lowtext       0x00000a70       0x6a FreeRTOS/Src/tasks.o
 *(.lowtext*)
                0x00000ada                __ctors_start = .
 *(.ctors)
                0x00000ada                __ctors_end = .
                0x00000ada                __dtors_start = .
 *(.dtors)
                0x00000ada                __dtors_end = .
 SORT(*)(.ctors)
 SORT(*)(.dtors)
 *(.init0)
 .init0         0x00000ada        0x0 C:/Program Files (x86)/Atmel/Studio/7.0/Packs/atmel/ATmega_DFP/1.2.209/gcc/dev/atmega2560/avr6/crtatmega2560.o
                0x00000ada                __init
 *(.init0)
 *(.init1)
 *(.init1)
 *(.init2)
 .init2         0x00000ada       0x10 C:/Program Files (x86)/Atmel/Studio/7.0/Packs/atmel/ATmega_DFP/1.2.209/gcc/dev/atmega2560/avr6/crtatmega2560.o
 *(.init2)
 *(.init3)
 *(.init3)
 *(.init4)
 .init4         0x00000aea       0x1a c:/program files (x86)/atmel/studio/7.0/toolchain/avr8/avr8-gnu-toolchain/bin/../lib/gcc/avr/5.4.0/avr6\libgcc.a(_copy_data.o)
                0x00000aea                __do_copy_data
 .init4         0x00000b04       0x10 c:/program files (x86)/atmel/studio/7.0/toolchain/avr8/avr8-gnu-toolchain/bin/../lib/gcc/avr/5.4.0/avr6\libgcc.a(_clear_bss.o)
                0x00000b04                __do_clear_bss
 *(.init4)
 *(.init5)
 *(.init5)
 *(.init6)
 *(.init6)
 *(.init7)
 *(.init7)
 *(.init8)
 *(.init8)
 *(.init9)
 .init9         0x00000b14        0x8 C:/Program Files (x86)/Atmel/Studio/7.0/Packs/atmel/ATmega_DFP/1.2.209/gcc/dev/atmega2560/avr6/crtatmega2560.o
 *(.init9)
 *(.text)
 .text          0x00000b1c        0x2 C:/Program Files (x86)/Atmel/Studio/7.0/Packs/atmel/ATmega_DFP/1.2.209/gcc/dev/atmega2560/avr6/crtatmega2560.o
                0x00000b1c                __vector_38
                0x00000b1c                __vector_22
                0x00000b1c                __vector_28
                0x00000b1c                __vector_1
                0x00000b1c                __vector_34
                0x00000b1c                __vector_24
                0x00000b1c                __vector_12
                0x00000b1c                __vector_46
                0x00000b1c                __bad_interrupt
                0x00000b1c                __vector_6
                0x00000b1c                __vector_31
                0x00000b1c                __vector_35
                0x00000b1c                __vector_39
                0x00000b1c                __vector_3
                0x00000b1c                __vector_23
                0x00000b1c                __vector_30
                0x00000b1c                __vector_45
                0x00000b1c                __vector_11
                0x00000b1c                __vector_13
                0x00000b1c                __vector_19
                0x00000b1c                __vector_56
                0x00000b1c                __vector_7
                0x00000b1c                __vector_49
                0x00000b1c                __vector_41
                0x00000b1c                __vector_43
                0x00000b1c                __vector_27
                0x00000b1c                __vector_5
                0x00000b1c                __vector_33
                0x00000b1c                __vector_47
                0x00000b1c                __vector_4
                0x00000b1c                __vector_44
                0x00000b1c                __vector_9
                0x00000b1c                __vector_2
                0x00000b1c                __vector_21
                0x00000b1c                __vector_15
                0x00000b1c                __vector_29
                0x00000b1c                __vector_40
                0x00000b1c                __vector_8
                0x00000b1c                __vector_48
                0x00000b1c                __vector_14
                0x00000b1c                __vector_53
                0x00000b1c                __vector_10
                0x00000b1c                __vector_50
                0x00000b1c                __vector_16
                0x00000b1c                __vector_18
                0x00000b1c                __vector_20
                0x00000b1c                __vector_42
 .text          0x00000b1e        0xa c:/program files (x86)/atmel/studio/7.0/toolchain/avr8/avr8-gnu-toolchain/bin/../lib/gcc/avr/5.4.0/../../../../avr/lib/avr6\libc.a(difftime.o)
                0x00000b1e                difftime
 .text          0x00000b28       0x26 c:/program files (x86)/atmel/studio/7.0/toolchain/avr8/avr8-gnu-toolchain/bin/../lib/gcc/avr/5.4.0/../../../../avr/lib/avr6\libc.a(time.o)
                0x00000b28                time
 .text          0x00000b4e       0x38 c:/program files (x86)/atmel/studio/7.0/toolchain/avr8/avr8-gnu-toolchain/bin/../lib/gcc/avr/5.4.0/../../../../avr/lib/avr6\libc.a(system_tick.o)
                0x00000b4e                system_tick
                0x00000b86                . = ALIGN (0x2)
 *(.text.*)
 .text.pvPortMalloc
                0x00000b86       0x24 FreeRTOS/MemManager/heap_3.o
                0x00000b86                pvPortMalloc
 .text.vPortFree
                0x00000baa       0x1e FreeRTOS/MemManager/heap_3.o
                0x00000baa                vPortFree
 .text.pxPortInitialiseStack
                0x00000bc8       0xe4 FreeRTOS/portable/port.o
                0x00000bc8                pxPortInitialiseStack
 .text.xPortStartScheduler
                0x00000cac       0xa4 FreeRTOS/portable/port.o
                0x00000cac                xPortStartScheduler
 .text.vPortYield
                0x00000d50       0xc2 FreeRTOS/portable/port.o
                0x00000d50                vPortYield
 .text.vPortYieldFromTick
                0x00000e12      0x11a FreeRTOS/portable/port.o
                0x00000e12                vPortYieldFromTick
 .text.__vector_32
                0x00000f2c        0x4 FreeRTOS/portable/port.o
                0x00000f2c                __vector_32
 .text.setAnalogMode
                0x00000f30       0x1c FreeRTOS/Src/digitalAnalog.o
                0x00000f30                setAnalogMode
 .text.analogIsConverting
                0x00000f4c        0xc FreeRTOS/Src/digitalAnalog.o
                0x00000f4c                analogIsConverting
 .text.startAnalogConversion
                0x00000f58       0x4c FreeRTOS/Src/digitalAnalog.o
                0x00000f58                startAnalogConversion
 .text.analogConversionResult
                0x00000fa4       0x1a FreeRTOS/Src/digitalAnalog.o
                0x00000fa4                analogConversionResult
 .text.vApplicationIdleHook
                0x00000fbe       0x32 FreeRTOS/Src/hooks.o
                0x00000fbe                vApplicationIdleHook
 .text.vApplicationMallocFailedHook
                0x00000ff0        0xa FreeRTOS/Src/hooks.o
                0x00000ff0                vApplicationMallocFailedHook
 .text.vApplicationStackOverflowHook
                0x00000ffa        0xa FreeRTOS/Src/hooks.o
                0x00000ffa                vApplicationStackOverflowHook
 .text.vListInitialise
                0x00001004       0x22 FreeRTOS/Src/list.o
                0x00001004                vListInitialise
 .text.vListInitialiseItem
                0x00001026        0x8 FreeRTOS/Src/list.o
                0x00001026                vListInitialiseItem
 .text.vListInsertEnd
                0x0000102e       0x42 FreeRTOS/Src/list.o
                0x0000102e                vListInsertEnd
 .text.vListInsert
                0x00001070       0x7a FreeRTOS/Src/list.o
                0x00001070                vListInsert
 .text.uxListRemove
                0x000010ea       0x4e FreeRTOS/Src/list.o
                0x000010ea                uxListRemove
 .text.prvIsQueueEmpty
                0x00001138       0x16 FreeRTOS/Src/queue.o
 .text.prvCopyDataToQueue
                0x0000114e       0xbe FreeRTOS/Src/queue.o
 .text.prvCopyDataFromQueue
                0x0000120c       0x34 FreeRTOS/Src/queue.o
 .text.prvUnlockQueue
                0x00001240       0x9a FreeRTOS/Src/queue.o
 .text.xQueueGenericReset
                0x000012da       0x74 FreeRTOS/Src/queue.o
                0x000012da                xQueueGenericReset
 .text.xQueueGenericCreate
                0x0000134e       0x54 FreeRTOS/Src/queue.o
                0x0000134e                xQueueGenericCreate
 .text.xQueueGenericSend
                0x000013a2      0x148 FreeRTOS/Src/queue.o
                0x000013a2                xQueueGenericSend
 .text.xQueueCreateMutex
                0x000014ea       0x36 FreeRTOS/Src/queue.o
                0x000014ea                xQueueCreateMutex
 .text.xQueueGenericSendFromISR
                0x00001520       0x72 FreeRTOS/Src/queue.o
                0x00001520                xQueueGenericSendFromISR
 .text.xQueueGiveFromISR
                0x00001592       0x52 FreeRTOS/Src/queue.o
                0x00001592                xQueueGiveFromISR
 .text.xQueueReceive
                0x000015e4      0x13a FreeRTOS/Src/queue.o
                0x000015e4                xQueueReceive
 .text.xQueueSemaphoreTake
                0x0000171e      0x1a4 FreeRTOS/Src/queue.o
                0x0000171e                xQueueSemaphoreTake
 .text.vQueueWaitForMessageRestricted
                0x000018c2       0x38 FreeRTOS/Src/queue.o
                0x000018c2                vQueueWaitForMessageRestricted
 .text.xSerialxPrint
                0x000018fa      0x16e FreeRTOS/Src/serial.o
                0x000018fa                xSerialxPrint
 .text.xSerialxPrintf
                0x00001a68       0x56 FreeRTOS/Src/serial.o
                0x00001a68                xSerialxPrintf
 .text.xSerialRxFlush
                0x00001abe       0xba FreeRTOS/Src/serial.o
                0x00001abe                xSerialRxFlush
 .text.xSerialAvailableChar
                0x00001b78       0x12 FreeRTOS/Src/serial.o
                0x00001b78                xSerialAvailableChar
 .text.xSerialPutChar
                0x00001b8a      0x11c FreeRTOS/Src/serial.o
                0x00001b8a                xSerialPutChar
 .text.xSerialPortInitMinimal
                0x00001ca6      0x478 FreeRTOS/Src/serial.o
                0x00001ca6                xSerialPortInitMinimal
 .text.__vector_25
                0x0000211e      0x110 FreeRTOS/Src/serial.o
                0x0000211e                __vector_25
 .text.__vector_26
                0x0000222e       0x92 FreeRTOS/Src/serial.o
                0x0000222e                __vector_26
 .text.__vector_36
                0x000022c0       0xbe FreeRTOS/Src/serial.o
                0x000022c0                __vector_36
 .text.__vector_37
                0x0000237e       0x92 FreeRTOS/Src/serial.o
                0x0000237e                __vector_37
 .text.__vector_51
                0x00002410       0xbe FreeRTOS/Src/serial.o
                0x00002410                __vector_51
 .text.__vector_52
                0x000024ce       0x92 FreeRTOS/Src/serial.o
                0x000024ce                __vector_52
 .text.__vector_54
                0x00002560      0x110 FreeRTOS/Src/serial.o
                0x00002560                __vector_54
 .text.__vector_55
                0x00002670       0x92 FreeRTOS/Src/serial.o
                0x00002670                __vector_55
 .text.spiBegin
                0x00002702       0xa4 FreeRTOS/Src/spi.o
                0x00002702                spiBegin
 .text.spiSetClockDivider
                0x000027a6       0x1c FreeRTOS/Src/spi.o
                0x000027a6                spiSetClockDivider
 .text.spiSetBitOrder
                0x000027c2       0x14 FreeRTOS/Src/spi.o
                0x000027c2                spiSetBitOrder
 .text.spiSetDataMode
                0x000027d6        0xa FreeRTOS/Src/spi.o
                0x000027d6                spiSetDataMode
 .text.spiSelect
                0x000027e0       0x4e FreeRTOS/Src/spi.o
                0x000027e0                spiSelect
 .text.spiDeselect
                0x0000282e       0x40 FreeRTOS/Src/spi.o
                0x0000282e                spiDeselect
 .text.spiTransfer
                0x0000286e       0x3c FreeRTOS/Src/spi.o
                0x0000286e                spiTransfer
 .text.prvResetNextTaskUnblockTime
                0x000028aa       0x54 FreeRTOS/Src/tasks.o
 .text.prvAddCurrentTaskToDelayedList
                0x000028fe       0xee FreeRTOS/Src/tasks.o
 .text.xTaskCreate
                0x000029ec      0x22e FreeRTOS/Src/tasks.o
                0x000029ec                xTaskCreate
 .text.vTaskResume
                0x00002c1a       0x92 FreeRTOS/Src/tasks.o
                0x00002c1a                vTaskResume
 .text.vTaskStartScheduler
                0x00002cac       0x6a FreeRTOS/Src/tasks.o
                0x00002cac                vTaskStartScheduler
 .text.vTaskSuspendAll
                0x00002d16        0xc FreeRTOS/Src/tasks.o
                0x00002d16                vTaskSuspendAll
 .text.xTaskGetTickCount
                0x00002d22       0x1c FreeRTOS/Src/tasks.o
                0x00002d22                xTaskGetTickCount
 .text.xTaskIncrementTick
                0x00002d3e      0x1aa FreeRTOS/Src/tasks.o
                0x00002d3e                xTaskIncrementTick
 .text.xTaskResumeAll
                0x00002ee8       0xf8 FreeRTOS/Src/tasks.o
                0x00002ee8                xTaskResumeAll
 .text.vTaskDelay
                0x00002fe0       0x32 FreeRTOS/Src/tasks.o
                0x00002fe0                vTaskDelay
 .text.vTaskSwitchContext
                0x00003012       0xe4 FreeRTOS/Src/tasks.o
                0x00003012                vTaskSwitchContext
 .text.vTaskSuspend
                0x000030f6       0xa0 FreeRTOS/Src/tasks.o
                0x000030f6                vTaskSuspend
 .text.vTaskPlaceOnEventList
                0x00003196       0x2e FreeRTOS/Src/tasks.o
                0x00003196                vTaskPlaceOnEventList
 .text.vTaskPlaceOnEventListRestricted
                0x000031c4       0x40 FreeRTOS/Src/tasks.o
                0x000031c4                vTaskPlaceOnEventListRestricted
 .text.xTaskRemoveFromEventList
                0x00003204       0x84 FreeRTOS/Src/tasks.o
                0x00003204                xTaskRemoveFromEventList
 .text.vTaskInternalSetTimeOutState
                0x00003288       0x22 FreeRTOS/Src/tasks.o
                0x00003288                vTaskInternalSetTimeOutState
 .text.xTaskCheckForTimeOut
                0x000032aa       0xaa FreeRTOS/Src/tasks.o
                0x000032aa                xTaskCheckForTimeOut
 .text.vTaskMissedYield
                0x00003354        0x8 FreeRTOS/Src/tasks.o
                0x00003354                vTaskMissedYield
 .text.xTaskGetSchedulerState
                0x0000335c       0x1c FreeRTOS/Src/tasks.o
                0x0000335c                xTaskGetSchedulerState
 .text.xTaskPriorityInherit
                0x00003378       0xdc FreeRTOS/Src/tasks.o
                0x00003378                xTaskPriorityInherit
 .text.xTaskPriorityDisinherit
                0x00003454       0x80 FreeRTOS/Src/tasks.o
                0x00003454                xTaskPriorityDisinherit
 .text.vTaskPriorityDisinheritAfterTimeout
                0x000034d4       0x98 FreeRTOS/Src/tasks.o
                0x000034d4                vTaskPriorityDisinheritAfterTimeout
 .text.pvTaskIncrementMutexHeldCount
                0x0000356c       0x24 FreeRTOS/Src/tasks.o
                0x0000356c                pvTaskIncrementMutexHeldCount
 .text.prvInsertTimerInActiveList
                0x00003590       0x92 FreeRTOS/Src/timers.o
 .text.prvCheckForValidListAndQueue
                0x00003622       0x52 FreeRTOS/Src/timers.o
 .text.xTimerCreateTimerTask
                0x00003674       0x40 FreeRTOS/Src/timers.o
                0x00003674                xTimerCreateTimerTask
 .text.xTimerCreate
                0x000036b4       0x6e FreeRTOS/Src/timers.o
                0x000036b4                xTimerCreate
 .text.xTimerGenericCommand
                0x00003722       0xbc FreeRTOS/Src/timers.o
                0x00003722                xTimerGenericCommand
 .text.prvSampleTimeNow
                0x000037de      0x12c FreeRTOS/Src/timers.o
 .text.prvTimerTask
                0x0000390a      0x24c FreeRTOS/Src/timers.o
 .text.xTimerIsTimerActive
                0x00003b56       0x1a FreeRTOS/Src/timers.o
                0x00003b56                xTimerIsTimerActive
 .text.pvTimerGetTimerID
                0x00003b70       0x12 FreeRTOS/Src/timers.o
                0x00003b70                pvTimerGetTimerID
 .text.Defrost  0x00003b82      0x1f4 main.o
 .text.System_2
                0x00003d76      0x17c main.o
 .text.System_1
                0x00003ef2      0x1c4 main.o
 .text.ModBus   0x000040b6       0x4c main.o
 .text.main     0x00004102      0x1c0 main.o
                0x00004102                main
 .text.__vector_17
                0x000042c2       0xb0 main.o
                0x000042c2                __vector_17
 .text.ADE7758_read24
                0x00004372       0x5c User/Src/ade7758.o
                0x00004372                ADE7758_read24
 .text.ADE7758_write8
                0x000043ce       0x32 User/Src/ade7758.o
                0x000043ce                ADE7758_write8
 .text.ADE7758_setOpMode
                0x00004400        0x8 User/Src/ade7758.o
                0x00004400                ADE7758_setOpMode
 .text.ADE7758_setWavMode
                0x00004408        0x8 User/Src/ade7758.o
                0x00004408                ADE7758_setWavMode
 .text.ADE7758_setLcycMode
                0x00004410        0x8 User/Src/ade7758.o
                0x00004410                ADE7758_setLcycMode
 .text.ADE7758_setupDivs
                0x00004418       0x20 User/Src/ade7758.o
                0x00004418                ADE7758_setupDivs
 .text.ADE7758_Init
                0x00004438       0x34 User/Src/ade7758.o
                0x00004438                ADE7758_Init
 .text.ADE7758_getStatus
                0x0000446c        0x6 User/Src/ade7758.o
                0x0000446c                ADE7758_getStatus
 .text.ADE7758_resetStatus
                0x00004472        0x6 User/Src/ade7758.o
                0x00004472                ADE7758_resetStatus
 .text.Check_Erors
                0x00004478      0x518 User/Src/Errors.o
                0x00004478                Check_Erors
 .text.start_1_Timer
                0x00004990       0x16 User/Src/ModBus.o
                0x00004990                start_1_Timer
 .text.stop_1_Timer
                0x000049a6       0x20 User/Src/ModBus.o
                0x000049a6                stop_1_Timer
 .text.timer_1_Init
                0x000049c6       0x16 User/Src/ModBus.o
                0x000049c6                timer_1_Init
 .text.readSysReg
                0x000049dc      0x43c User/Src/ModBus.o
                0x000049dc                readSysReg
 .text.writeSysReg
                0x00004e18      0x190 User/Src/ModBus.o
                0x00004e18                writeSysReg
 .text.calculateCRC
                0x00004fa8       0x52 User/Src/ModBus.o
                0x00004fa8                calculateCRC
 .text.sendPacket
                0x00004ffa       0x86 User/Src/ModBus.o
                0x00004ffa                sendPacket
 .text.modbus_update
                0x00005080      0x204 User/Src/ModBus.o
                0x00005080                modbus_update
 .text.StartReversingValve
                0x00005284      0x218 User/Src/Mods.o
                0x00005284                StartReversingValve
 .text.StartHeatPump
                0x0000549c      0x14e User/Src/Mods.o
                0x0000549c                StartHeatPump
 .text.SwitchRev_2_Time
                0x000055ea       0xd2 User/Src/Mods.o
                0x000055ea                SwitchRev_2_Time
 .text.Revers_Stop
                0x000056bc       0xe6 User/Src/Mods.o
                0x000056bc                Revers_Stop
 .text.StartCheckErrors
                0x000057a2       0x60 User/Src/Mods.o
                0x000057a2                StartCheckErrors
 .text.StartCheckTrv
                0x00005802       0x58 User/Src/Mods.o
                0x00005802                StartCheckTrv
 .text.StartThreeWay
                0x0000585a      0x18c User/Src/Mods.o
                0x0000585a                StartThreeWay
 .text.HeatPump_Stop
                0x000059e6      0x21a User/Src/Mods.o
                0x000059e6                HeatPump_Stop
 .text.ThreeWay_Stop
                0x00005c00      0x116 User/Src/Mods.o
                0x00005c00                ThreeWay_Stop
 .text.SorcePump_Stop
                0x00005d16      0x19c User/Src/Mods.o
                0x00005d16                SorcePump_Stop
 .text.StartComp
                0x00005eb2      0x1b4 User/Src/Mods.o
                0x00005eb2                StartComp
 .text.SwitchRev_1_Time
                0x00006066       0xc0 User/Src/Mods.o
                0x00006066                SwitchRev_1_Time
 .text.activateTimers
                0x00006126      0x3d6 User/Src/Mods.o
                0x00006126                activateTimers
 .text.startDefrost
                0x000064fc       0x36 User/Src/Mods.o
                0x000064fc                startDefrost
 .text.stopDefrost
                0x00006532       0x16 User/Src/Mods.o
                0x00006532                stopDefrost
 .text.StarSoursePump
                0x00006548      0x1be User/Src/Mods.o
                0x00006548                StarSoursePump
 .text.selmode  0x00006706       0x52 User/Src/Mods.o
                0x00006706                selmode
 .text.stop_timers
                0x00006758      0x4b6 User/Src/Mods.o
                0x00006758                stop_timers
 .text.Comp_Stop
                0x00006c0e      0x1f8 User/Src/Mods.o
                0x00006c0e                Comp_Stop
 .text.goToMode
                0x00006e06       0x18 User/Src/Mods.o
                0x00006e06                goToMode
 .text.mod_pump
                0x00006e1e      0xa9a User/Src/Mods.o
                0x00006e1e                mod_pump
 .text.initPins
                0x000078b8       0x3e User/Src/Mods.o
                0x000078b8                initPins
 .text.ConvertToTemp
                0x000078f6       0xc0 User/Src/Sensors.o
                0x000078f6                ConvertToTemp
 .text.ReadSuperHeat
                0x000079b6       0xd4 User/Src/Sensors.o
                0x000079b6                ReadSuperHeat
 .text.ReadSuperCool
                0x00007a8a       0xd2 User/Src/Sensors.o
                0x00007a8a                ReadSuperCool
 .text.corectTrv
                0x00007b5c     0x1a0e User/Src/Sensors.o
                0x00007b5c                corectTrv
 .text.ReadSensors
                0x0000956a      0x694 User/Src/Sensors.o
                0x0000956a                ReadSensors
 .text.ComutateTrv
                0x00009bfe      0x1e2 User/Src/TRV.o
                0x00009bfe                ComutateTrv
 .text.activateTrvTimer
                0x00009de0       0x7c User/Src/TRV.o
                0x00009de0                activateTrvTimer
 .text.startTrvTimer
                0x00009e5c       0x70 User/Src/TRV.o
                0x00009e5c                startTrvTimer
 .text.stopTrvTimer
                0x00009ecc       0x9e User/Src/TRV.o
                0x00009ecc                stopTrvTimer
 .text.Fuzzy    0x00009f6a      0x404 User/Src/TRV.o
                0x00009f6a                Fuzzy
 .text.calibration
                0x0000a36e       0x1e User/Src/TRV.o
                0x0000a36e                calibration
 .text.avr-libc.fplib
                0x0000a38c        0xa c:/program files (x86)/atmel/studio/7.0/toolchain/avr8/avr8-gnu-toolchain/bin/../lib/gcc/avr/5.4.0/../../../../avr/lib/avr6\libm.a(addsf3.o)
                0x0000a38c                __subsf3
                0x0000a38e                __addsf3
 .text.avr-libc.fplib
                0x0000a396       0xc0 c:/program files (x86)/atmel/studio/7.0/toolchain/avr8/avr8-gnu-toolchain/bin/../lib/gcc/avr/5.4.0/../../../../avr/lib/avr6\libm.a(addsf3x.o)
                0x0000a3b0                __addsf3x
 .text.avr-libc.fplib
                0x0000a456        0x8 c:/program files (x86)/atmel/studio/7.0/toolchain/avr8/avr8-gnu-toolchain/bin/../lib/gcc/avr/5.4.0/../../../../avr/lib/avr6\libm.a(cmpsf2.o)
                0x0000a456                __nesf2
                0x0000a456                __eqsf2
                0x0000a456                __cmpsf2
                0x0000a456                __ltsf2
                0x0000a456                __lesf2
 .text.avr-libc.fplib
                0x0000a45e        0x4 c:/program files (x86)/atmel/studio/7.0/toolchain/avr8/avr8-gnu-toolchain/bin/../lib/gcc/avr/5.4.0/../../../../avr/lib/avr6\libm.a(divsf3.o)
                0x0000a45e                __divsf3
 .text.avr-libc.fplib
                0x0000a462       0xcc c:/program files (x86)/atmel/studio/7.0/toolchain/avr8/avr8-gnu-toolchain/bin/../lib/gcc/avr/5.4.0/../../../../avr/lib/avr6\libm.a(divsf3x.o)
                0x0000a478                __divsf3x
                0x0000a47c                __divsf3_pse
 .text.avr-libc.fplib
                0x0000a52e        0xa c:/program files (x86)/atmel/studio/7.0/toolchain/avr8/avr8-gnu-toolchain/bin/../lib/gcc/avr/5.4.0/../../../../avr/lib/avr6\libm.a(fixsfsi.o)
                0x0000a52e                __fixsfsi
 .text.avr-libc.fplib
                0x0000a538       0x58 c:/program files (x86)/atmel/studio/7.0/toolchain/avr8/avr8-gnu-toolchain/bin/../lib/gcc/avr/5.4.0/../../../../avr/lib/avr6\libm.a(fixunssfsi.o)
                0x0000a538                __fixunssfsi
 .text.avr-libc.fplib
                0x0000a590       0x7a c:/program files (x86)/atmel/studio/7.0/toolchain/avr8/avr8-gnu-toolchain/bin/../lib/gcc/avr/5.4.0/../../../../avr/lib/avr6\libm.a(floatsisf.o)
                0x0000a590                __floatunsisf
                0x0000a594                __floatsisf
 .text.avr-libc.fplib
                0x0000a60a       0x48 c:/program files (x86)/atmel/studio/7.0/toolchain/avr8/avr8-gnu-toolchain/bin/../lib/gcc/avr/5.4.0/../../../../avr/lib/avr6\libm.a(fp_cmp.o)
                0x0000a60a                __fp_cmp
 .text.avr-libc.fplib
                0x0000a652        0xc c:/program files (x86)/atmel/studio/7.0/toolchain/avr8/avr8-gnu-toolchain/bin/../lib/gcc/avr/5.4.0/../../../../avr/lib/avr6\libm.a(fp_inf.o)
                0x0000a652                __fp_inf
 .text.avr-libc.fplib
                0x0000a65e        0x6 c:/program files (x86)/atmel/studio/7.0/toolchain/avr8/avr8-gnu-toolchain/bin/../lib/gcc/avr/5.4.0/../../../../avr/lib/avr6\libm.a(fp_nan.o)
                0x0000a65e                __fp_nan
 .text.avr-libc.fplib
                0x0000a664        0xe c:/program files (x86)/atmel/studio/7.0/toolchain/avr8/avr8-gnu-toolchain/bin/../lib/gcc/avr/5.4.0/../../../../avr/lib/avr6\libm.a(fp_pscA.o)
                0x0000a664                __fp_pscA
 .text.avr-libc.fplib
                0x0000a672        0xe c:/program files (x86)/atmel/studio/7.0/toolchain/avr8/avr8-gnu-toolchain/bin/../lib/gcc/avr/5.4.0/../../../../avr/lib/avr6\libm.a(fp_pscB.o)
                0x0000a672                __fp_pscB
 .text.avr-libc.fplib
                0x0000a680       0x22 c:/program files (x86)/atmel/studio/7.0/toolchain/avr8/avr8-gnu-toolchain/bin/../lib/gcc/avr/5.4.0/../../../../avr/lib/avr6\libm.a(fp_round.o)
                0x0000a680                __fp_round
 .text.avr-libc.fplib
                0x0000a6a2       0x44 c:/program files (x86)/atmel/studio/7.0/toolchain/avr8/avr8-gnu-toolchain/bin/../lib/gcc/avr/5.4.0/../../../../avr/lib/avr6\libm.a(fp_split3.o)
                0x0000a6a2                __fp_split3
                0x0000a6b2                __fp_splitA
 .text.avr-libc.fplib
                0x0000a6e6        0xe c:/program files (x86)/atmel/studio/7.0/toolchain/avr8/avr8-gnu-toolchain/bin/../lib/gcc/avr/5.4.0/../../../../avr/lib/avr6\libm.a(fp_zero.o)
                0x0000a6e6                __fp_zero
                0x0000a6e8                __fp_szero
 .text.avr-libc.fplib
                0x0000a6f4        0x8 c:/program files (x86)/atmel/studio/7.0/toolchain/avr8/avr8-gnu-toolchain/bin/../lib/gcc/avr/5.4.0/../../../../avr/lib/avr6\libm.a(gesf2.o)
                0x0000a6f4                __gesf2
                0x0000a6f4                __gtsf2
 .text.avr-libc.fplib
                0x0000a6fc       0x8a c:/program files (x86)/atmel/studio/7.0/toolchain/avr8/avr8-gnu-toolchain/bin/../lib/gcc/avr/5.4.0/../../../../avr/lib/avr6\libm.a(log.o)
                0x0000a706                log
 .text.avr-libc.fplib
                0x0000a786        0x4 c:/program files (x86)/atmel/studio/7.0/toolchain/avr8/avr8-gnu-toolchain/bin/../lib/gcc/avr/5.4.0/../../../../avr/lib/avr6\libm.a(mulsf3.o)
                0x0000a786                __mulsf3
 .text.avr-libc.fplib
                0x0000a78a       0xc2 c:/program files (x86)/atmel/studio/7.0/toolchain/avr8/avr8-gnu-toolchain/bin/../lib/gcc/avr/5.4.0/../../../../avr/lib/avr6\libm.a(mulsf3x.o)
                0x0000a79e                __mulsf3x
                0x0000a7a2                __mulsf3_pse
 .text.avr-libc.fplib
                0x0000a84c       0x1c c:/program files (x86)/atmel/studio/7.0/toolchain/avr8/avr8-gnu-toolchain/bin/../lib/gcc/avr/5.4.0/../../../../avr/lib/avr6\libm.a(fp_mpack.o)
                0x0000a84c                __fp_mpack
                0x0000a850                __fp_mpack_finite
 .text.avr-libc.fplib
                0x0000a868       0x4a c:/program files (x86)/atmel/studio/7.0/toolchain/avr8/avr8-gnu-toolchain/bin/../lib/gcc/avr/5.4.0/../../../../avr/lib/avr6\libm.a(fp_powser.o)
                0x0000a868                __fp_powser
 .text.avr-libc
                0x0000a8b2      0x712 c:/program files (x86)/atmel/studio/7.0/toolchain/avr8/avr8-gnu-toolchain/bin/../lib/gcc/avr/5.4.0/../../../../avr/lib/avr6\libprintf_flt.a(vfprintf_flt.o)
                0x0000a8b2                vfprintf
 .text.libgcc.div
                0x0000afc4       0x44 c:/program files (x86)/atmel/studio/7.0/toolchain/avr8/avr8-gnu-toolchain/bin/../lib/gcc/avr/5.4.0/avr6\libgcc.a(_udivmodsi4.o)
                0x0000afc4                __udivmodsi4
 .text.libgcc   0x0000b008       0x10 c:/program files (x86)/atmel/studio/7.0/toolchain/avr8/avr8-gnu-toolchain/bin/../lib/gcc/avr/5.4.0/avr6\libgcc.a(_tablejump2.o)
                0x0000b008                __tablejump2__
 .text.libgcc.mul
                0x0000b018       0x1e c:/program files (x86)/atmel/studio/7.0/toolchain/avr8/avr8-gnu-toolchain/bin/../lib/gcc/avr/5.4.0/avr6\libgcc.a(_umulhisi3.o)
                0x0000b018                __umulhisi3
 .text.avr-libc
                0x0000b036      0x242 c:/program files (x86)/atmel/studio/7.0/toolchain/avr8/avr8-gnu-toolchain/bin/../lib/gcc/avr/5.4.0/../../../../avr/lib/avr6\libc.a(malloc.o)
                0x0000b036                malloc
                0x0000b166                free
 .text.avr-libc
                0x0000b278      0x1b0 c:/program files (x86)/atmel/studio/7.0/toolchain/avr8/avr8-gnu-toolchain/bin/../lib/gcc/avr/5.4.0/../../../../avr/lib/avr6\libc.a(ftoa_engine.o)
                0x0000b278                __ftoa_engine
 .text.avr-libc
                0x0000b428       0x16 c:/program files (x86)/atmel/studio/7.0/toolchain/avr8/avr8-gnu-toolchain/bin/../lib/gcc/avr/5.4.0/../../../../avr/lib/avr6\libc.a(strnlen_P.o)
                0x0000b428                strnlen_P
 .text.avr-libc
                0x0000b43e       0x12 c:/program files (x86)/atmel/studio/7.0/toolchain/avr8/avr8-gnu-toolchain/bin/../lib/gcc/avr/5.4.0/../../../../avr/lib/avr6\libc.a(memcpy.o)
                0x0000b43e                memcpy
 .text.avr-libc
                0x0000b450        0xe c:/program files (x86)/atmel/studio/7.0/toolchain/avr8/avr8-gnu-toolchain/bin/../lib/gcc/avr/5.4.0/../../../../avr/lib/avr6\libc.a(memset.o)
                0x0000b450                memset
 .text.avr-libc
                0x0000b45e       0x16 c:/program files (x86)/atmel/studio/7.0/toolchain/avr8/avr8-gnu-toolchain/bin/../lib/gcc/avr/5.4.0/../../../../avr/lib/avr6\libc.a(strnlen.o)
                0x0000b45e                strnlen
 .text.avr-libc
                0x0000b474       0x78 c:/program files (x86)/atmel/studio/7.0/toolchain/avr8/avr8-gnu-toolchain/bin/../lib/gcc/avr/5.4.0/../../../../avr/lib/avr6\libc.a(fputc.o)
                0x0000b474                fputc
 .text.avr-libc
                0x0000b4ec       0x70 c:/program files (x86)/atmel/studio/7.0/toolchain/avr8/avr8-gnu-toolchain/bin/../lib/gcc/avr/5.4.0/../../../../avr/lib/avr6\libc.a(vsnprintf.o)
                0x0000b4ec                vsnprintf
 .text.avr-libc
                0x0000b55c       0xbc c:/program files (x86)/atmel/studio/7.0/toolchain/avr8/avr8-gnu-toolchain/bin/../lib/gcc/avr/5.4.0/../../../../avr/lib/avr6\libc.a(ultoa_invert.o)
                0x0000b55c                __ultoa_invert
 .text.avr-libc
                0x0000b618       0x20 C:/Program Files (x86)/Atmel/Studio/7.0/Packs/atmel/ATmega_DFP/1.2.209/gcc/dev/atmega2560/avr6\libatmega2560.a(eerd_block.o)
                0x0000b618                eeprom_read_block
                0x0000b61c                eeprom_read_blraw
 .text.avr-libc
                0x0000b638       0x1e C:/Program Files (x86)/Atmel/Studio/7.0/Packs/atmel/ATmega_DFP/1.2.209/gcc/dev/atmega2560/avr6\libatmega2560.a(eeupd_block.o)
                0x0000b638                eeprom_update_block
 .text.avr-libc
                0x0000b656       0x24 C:/Program Files (x86)/Atmel/Studio/7.0/Packs/atmel/ATmega_DFP/1.2.209/gcc/dev/atmega2560/avr6\libatmega2560.a(eeupd_byte.o)
                0x0000b656                eeprom_update_byte
                0x0000b658                eeprom_update_r18
 .text.avr-libc
                0x0000b67a       0x12 C:/Program Files (x86)/Atmel/Studio/7.0/Packs/atmel/ATmega_DFP/1.2.209/gcc/dev/atmega2560/avr6\libatmega2560.a(eewr_block.o)
                0x0000b67a                eeprom_write_block
 .text.avr-libc
                0x0000b68c       0x1c C:/Program Files (x86)/Atmel/Studio/7.0/Packs/atmel/ATmega_DFP/1.2.209/gcc/dev/atmega2560/avr6\libatmega2560.a(eewr_byte.o)
                0x0000b68c                eeprom_write_byte
                0x0000b68e                eeprom_write_r18
                0x0000b6a8                . = ALIGN (0x2)
 *(.fini9)
 .fini9         0x0000b6a8        0x0 c:/program files (x86)/atmel/studio/7.0/toolchain/avr8/avr8-gnu-toolchain/bin/../lib/gcc/avr/5.4.0/avr6\libgcc.a(_exit.o)
                0x0000b6a8                _exit
                0x0000b6a8                exit
 *(.fini9)
 *(.fini8)
 *(.fini8)
 *(.fini7)
 *(.fini7)
 *(.fini6)
 *(.fini6)
 *(.fini5)
 *(.fini5)
 *(.fini4)
 *(.fini4)
 *(.fini3)
 *(.fini3)
 *(.fini2)
 *(.fini2)
 *(.fini1)
 *(.fini1)
 *(.fini0)
 .fini0         0x0000b6a8        0x4 c:/program files (x86)/atmel/studio/7.0/toolchain/avr8/avr8-gnu-toolchain/bin/../lib/gcc/avr/5.4.0/avr6\libgcc.a(_exit.o)
 *(.fini0)
                0x0000b6ac                _etext = .

.data           0x00800200      0x4f0 load address 0x0000b6ac
                0x00800200                PROVIDE (__data_start, .)
 *(.data)
 .data          0x00800200        0x6 c:/program files (x86)/atmel/studio/7.0/toolchain/avr8/avr8-gnu-toolchain/bin/../lib/gcc/avr/5.4.0/../../../../avr/lib/avr6\libc.a(malloc.o)
                0x00800200                __malloc_heap_end
                0x00800202                __malloc_heap_start
                0x00800204                __malloc_margin
 *(.data*)
 .data.ccw_dir_2
                0x00800206        0x4 User/Src/TRV.o
                0x00800206                ccw_dir_2
 .data.cw_dir_2
                0x0080020a        0x4 User/Src/TRV.o
                0x0080020a                cw_dir_2
 .data.ccw_dir_1
                0x0080020e        0x4 User/Src/TRV.o
                0x0080020e                ccw_dir_1
 .data.cw_dir_1
                0x00800212        0x4 User/Src/TRV.o
                0x00800212                cw_dir_1
 *(.gnu.linkonce.d*)
 *(.rodata)
 *(.rodata*)
 .rodata.str1.1
                0x00800216        0x5 FreeRTOS/Src/tasks.o
 .rodata.str1.1
                0x0080021b        0x8 FreeRTOS/Src/timers.o
 .rodata.str1.1
                0x00800223       0x80 main.o
 .rodata.str1.1
                0x008002a3      0x3d1 User/Src/Mods.o
 .rodata.uxSwitchRevTwo_2_ID
                0x00800674        0x1 User/Src/Mods.o
                0x00800674                uxSwitchRevTwo_2_ID
 .rodata.uxSwitchRevOne_2_ID
                0x00800675        0x1 User/Src/Mods.o
                0x00800675                uxSwitchRevOne_2_ID
 .rodata.uxStopDelayRevVTimer_2_ID
                0x00800676        0x1 User/Src/Mods.o
                0x00800676                uxStopDelayRevVTimer_2_ID
 .rodata.uxStopDelaySourcePTimer_2_ID
                0x00800677        0x1 User/Src/Mods.o
                0x00800677                uxStopDelaySourcePTimer_2_ID
 .rodata.uxStopDelayHeatPTimer_2_ID
                0x00800678        0x1 User/Src/Mods.o
                0x00800678                uxStopDelayHeatPTimer_2_ID
 .rodata.uxStartDelayChekErrTimer_2_ID
                0x00800679        0x1 User/Src/Mods.o
                0x00800679                uxStartDelayChekErrTimer_2_ID
 .rodata.uxStartDelayChekTrvTimer_2_ID
                0x0080067a        0x1 User/Src/Mods.o
                0x0080067a                uxStartDelayChekTrvTimer_2_ID
 .rodata.uxStartDelayRevVTimer_2_ID
                0x0080067b        0x1 User/Src/Mods.o
                0x0080067b                uxStartDelayRevVTimer_2_ID
 .rodata.uxStartDelayHeatPTimer_2_ID
                0x0080067c        0x1 User/Src/Mods.o
                0x0080067c                uxStartDelayHeatPTimer_2_ID
 .rodata.uxStartDelayCompTimer_2_ID
                0x0080067d        0x1 User/Src/Mods.o
                0x0080067d                uxStartDelayCompTimer_2_ID
 .rodata.uxSwitchRevTwo_1_ID
                0x0080067e        0x1 User/Src/Mods.o
                0x0080067e                uxSwitchRevTwo_1_ID
 .rodata.uxSwitchRevOne_1_ID
                0x0080067f        0x1 User/Src/Mods.o
                0x0080067f                uxSwitchRevOne_1_ID
 .rodata.uxStopDelayThreeVTimer_1_ID
                0x00800680        0x1 User/Src/Mods.o
                0x00800680                uxStopDelayThreeVTimer_1_ID
 .rodata.uxStopDelayRevVTimer_1_ID
                0x00800681        0x1 User/Src/Mods.o
                0x00800681                uxStopDelayRevVTimer_1_ID
 .rodata.uxStopDelaySourcePTimer_1_ID
                0x00800682        0x1 User/Src/Mods.o
                0x00800682                uxStopDelaySourcePTimer_1_ID
 .rodata.uxStopDelayHeatPTimer_1_ID
                0x00800683        0x1 User/Src/Mods.o
                0x00800683                uxStopDelayHeatPTimer_1_ID
 .rodata.uxStartDelayChekErrTimer_1_ID
                0x00800684        0x1 User/Src/Mods.o
                0x00800684                uxStartDelayChekErrTimer_1_ID
 .rodata.uxStartDelayChekTrvTimer_1_ID
                0x00800685        0x1 User/Src/Mods.o
                0x00800685                uxStartDelayChekTrvTimer_1_ID
 .rodata.uxStartDelayThreeVTimer_1_ID
                0x00800686        0x1 User/Src/Mods.o
                0x00800686                uxStartDelayThreeVTimer_1_ID
 .rodata.uxStartDelayRevVTimer_1_ID
                0x00800687        0x1 User/Src/Mods.o
                0x00800687                uxStartDelayRevVTimer_1_ID
 .rodata.uxStartDelayHeatPTimer_1_ID
                0x00800688        0x1 User/Src/Mods.o
                0x00800688                uxStartDelayHeatPTimer_1_ID
 .rodata.uxStartDelayCompTimer_1_ID
                0x00800689        0x1 User/Src/Mods.o
                0x00800689                uxStartDelayCompTimer_1_ID
 .rodata.str1.1
                0x0080068a       0x63 User/Src/TRV.o
                                 0x77 (size before relaxing)
 .rodata.uxTrv_2_ID
                0x008006ed        0x1 User/Src/TRV.o
                0x008006ed                uxTrv_2_ID
 .rodata.uxTrv_1_ID
                0x008006ee        0x1 User/Src/TRV.o
                0x008006ee                uxTrv_1_ID
 *(.gnu.linkonce.r*)
                0x008006f0                . = ALIGN (0x2)
 *fill*         0x008006ef        0x1 
                0x008006f0                _edata = .
                0x008006f0                PROVIDE (__data_end, .)

.bss            0x008006f0      0x447
                0x008006f0                PROVIDE (__bss_start, .)
 *(.bss)
 *(.bss*)
 .bss.xSPISemaphore
                0x008006f0        0x2 FreeRTOS/Src/spi.o
                0x008006f0                xSPISemaphore
 .bss.uxSchedulerSuspended
                0x008006f2        0x1 FreeRTOS/Src/tasks.o
 .bss.xIdleTaskHandle
                0x008006f3        0x2 FreeRTOS/Src/tasks.o
 .bss.xNextTaskUnblockTime
                0x008006f5        0x4 FreeRTOS/Src/tasks.o
 .bss.uxTaskNumber
                0x008006f9        0x1 FreeRTOS/Src/tasks.o
 .bss.xNumOfOverflows
                0x008006fa        0x1 FreeRTOS/Src/tasks.o
 .bss.xYieldPending
                0x008006fb        0x1 FreeRTOS/Src/tasks.o
 .bss.uxPendedTicks
                0x008006fc        0x1 FreeRTOS/Src/tasks.o
 .bss.xSchedulerRunning
                0x008006fd        0x1 FreeRTOS/Src/tasks.o
 .bss.uxTopReadyPriority
                0x008006fe        0x1 FreeRTOS/Src/tasks.o
 .bss.xTickCount
                0x008006ff        0x4 FreeRTOS/Src/tasks.o
 .bss.uxCurrentNumberOfTasks
                0x00800703        0x1 FreeRTOS/Src/tasks.o
 .bss.xSuspendedTaskList
                0x00800704        0xb FreeRTOS/Src/tasks.o
 .bss.uxDeletedTasksWaitingCleanUp
                0x0080070f        0x1 FreeRTOS/Src/tasks.o
 .bss.xTasksWaitingTermination
                0x00800710        0xb FreeRTOS/Src/tasks.o
 .bss.xPendingReadyList
                0x0080071b        0xb FreeRTOS/Src/tasks.o
 .bss.pxOverflowDelayedTaskList
                0x00800726        0x2 FreeRTOS/Src/tasks.o
 .bss.pxDelayedTaskList
                0x00800728        0x2 FreeRTOS/Src/tasks.o
 .bss.xDelayedTaskList2
                0x0080072a        0xb FreeRTOS/Src/tasks.o
 .bss.xDelayedTaskList1
                0x00800735        0xb FreeRTOS/Src/tasks.o
 .bss.pxReadyTasksLists
                0x00800740       0x2c FreeRTOS/Src/tasks.o
 .bss.pxCurrentTCB
                0x0080076c        0x2 FreeRTOS/Src/tasks.o
                0x0080076c                pxCurrentTCB
 .bss.xLastTime.2378
                0x0080076e        0x4 FreeRTOS/Src/timers.o
 .bss.xTimerTaskHandle
                0x00800772        0x2 FreeRTOS/Src/timers.o
 .bss.xTimerQueue
                0x00800774        0x2 FreeRTOS/Src/timers.o
 .bss.pxOverflowTimerList
                0x00800776        0x2 FreeRTOS/Src/timers.o
 .bss.pxCurrentTimerList
                0x00800778        0x2 FreeRTOS/Src/timers.o
 .bss.xActiveTimerList2
                0x0080077a        0xb FreeRTOS/Src/timers.o
 .bss.xActiveTimerList1
                0x00800785        0xb FreeRTOS/Src/timers.o
 .bss.xHigherPriorityTaskWoken.3697
                0x00800790        0x1 main.o
 .bss.forsDefrost
                0x00800791        0x1 main.o
                0x00800791                forsDefrost
 .bss._cool     0x00800792        0x1 main.o
                0x00800792                _cool
 .bss._heat     0x00800793        0x1 main.o
                0x00800793                _heat
 .bss._heatWater
                0x00800794        0x1 main.o
                0x00800794                _heatWater
 .bss.countTrvTime_2
                0x00800795        0x4 main.o
                0x00800795                countTrvTime_2
 .bss.countTrvTime_1
                0x00800799        0x4 main.o
                0x00800799                countTrvTime_1
 .bss.xHandleSecond
                0x0080079d        0x2 main.o
                0x0080079d                xHandleSecond
 .bss.xHandleFirst
                0x0080079f        0x2 main.o
                0x0080079f                xHandleFirst
 .bss.time_count_2.3229
                0x008007a1        0x4 User/Src/Mods.o
 .bss.time_count_1.3228
                0x008007a5        0x4 User/Src/Mods.o
 .bss.time_count.3216
                0x008007a9        0x4 User/Src/Mods.o
 .bss.time_count_2.3211
                0x008007ad        0x4 User/Src/Mods.o
 .bss.time_count_1.3210
                0x008007b1        0x4 User/Src/Mods.o
 .bss.time_count_2.3197
                0x008007b5        0x4 User/Src/Mods.o
 .bss.time_count_1.3196
                0x008007b9        0x4 User/Src/Mods.o
 .bss.time_count.3181
                0x008007bd        0x4 User/Src/Mods.o
 .bss.Superheat_old.3263
                0x008007c1        0x4 User/Src/Sensors.o
 .bss.step_index.2939
                0x008007c5        0x1 User/Src/TRV.o
 .bss.step_index.2938
                0x008007c6        0x1 User/Src/TRV.o
 *(COMMON)
 COMMON         0x008007c7        0x8 FreeRTOS/portable/port.o
                0x008007c7                portTickRateHz
                0x008007cb                ticksRemainingInSec
 COMMON         0x008007cf      0x18a FreeRTOS/Src/serial.o
                0x008007cf                xSerialPort
                0x008007f1                overflow
                0x008007f2                function
                0x008007f3                xSerial2Port
                0x00800815                indexBuf
                0x00800816                xSerial3Port
                0x00800838                frame
                0x00800937                xSerial1Port
 COMMON         0x00800959      0x1d6 main.o
                0x00800959                timeTillDef
                0x0080095d                xComutateTrv_1
                0x0080095f                xTStartCheckErrors_2
                0x00800961                AIRMSCalib
                0x00800965                xStopHeatPump_1
                0x00800967                timeStartComp_1
                0x0080096b                xSwitchRevOne_1_time
                0x0080096d                xStopRevValve_2
                0x0080096f                xStopSource_1
                0x00800971                xTStartCheckTrv_1
                0x00800973                current_time
                0x00800977                port_3
                0x00800978                EEpromData
                0x008009d8                Comp_1
                0x00800a4c                xTStartCheckTrv_2
                0x00800a4e                xStopThreeWay
                0x00800a50                xStartThreeWay
                0x00800a52                xStartHeatPump_2
                0x00800a54                timeStartSrcP_1
                0x00800a58                xComutateTrv_2
                0x00800a5a                timeTillDef2
                0x00800a5e                xSwitchRev_2_time
                0x00800a60                old_corection_2
                0x00800a62                Comp_2
                0x00800ad6                xStopSource_2
                0x00800ad8                AVRMSCalib
                0x00800adc                CIRMSCalib
                0x00800ae0                xStartRevValve_2
                0x00800ae2                BVRMSCalib
                0x00800ae6                xStopHeatPump_2
                0x00800ae8                xStopRevValve_1
                0x00800aea                _err1
                0x00800aec                timeStartHeatP_1
                0x00800af0                old_corection_1
                0x00800af2                xSwitchRevTwo_1_time
                0x00800af4                xStartHeatPump_1
                0x00800af6                xStartCompressor_1
                0x00800af8                CVRMSCalib
                0x00800afc                BIRMSCalib
                0x00800b00                timeStartHeatP_2
                0x00800b04                timeStartThreeW
                0x00800b08                xStartCompressor_2
                0x00800b0a                init_system
                0x00800b0b                xMbBinarySemaphore
                0x00800b0d                xSwitchRevTwo_2_time
                0x00800b0f                timeStartRevV_1
                0x00800b13                timeStartSrcP_2
                0x00800b17                xTStartCheckErrors_1
                0x00800b19                timeStartComp_2
                0x00800b1d                _err2
                0x00800b1f                xStartRevValve_1
                0x00800b21                countTimer
                0x00800b25                port_0
                0x00800b26                xSwitchRev_1_time
                0x00800b28                xSwitchRevOne_2_time
                0x00800b2a                timeStartRevV_2
                0x00800b2e                stop_second
 COMMON         0x00800b2f        0x4 c:/program files (x86)/atmel/studio/7.0/toolchain/avr8/avr8-gnu-toolchain/bin/../lib/gcc/avr/5.4.0/../../../../avr/lib/avr6\libc.a(malloc.o)
                0x00800b2f                __brkval
                0x00800b31                __flp
 COMMON         0x00800b33        0x4 c:/program files (x86)/atmel/studio/7.0/toolchain/avr8/avr8-gnu-toolchain/bin/../lib/gcc/avr/5.4.0/../../../../avr/lib/avr6\libc.a(system_time.o)
                0x00800b33                __system_time
                0x00800b37                PROVIDE (__bss_end, .)
                0x0000b6ac                __data_load_start = LOADADDR (.data)
                0x0000bb9c                __data_load_end = (__data_load_start + SIZEOF (.data))

.noinit         0x00800b37        0x0
                [!provide]                PROVIDE (__noinit_start, .)
 *(.noinit*)
                [!provide]                PROVIDE (__noinit_end, .)
                0x00800b37                _end = .
                0x00800b37                PROVIDE (__heap_start, .)

.eeprom         0x00810000        0x0
 *(.eeprom*)
                0x00810000                __eeprom_end = .

.fuse
 *(.fuse)
 *(.lfuse)
 *(.hfuse)
 *(.efuse)

.lock
 *(.lock*)

.signature
 *(.signature*)

.user_signatures
 *(.user_signatures*)

.stab
 *(.stab)

.stabstr
 *(.stabstr)

.stab.excl
 *(.stab.excl)

.stab.exclstr
 *(.stab.exclstr)

.stab.index
 *(.stab.index)

.stab.indexstr
 *(.stab.indexstr)

.comment        0x00000000       0x5c
 *(.comment)
 .comment       0x00000000       0x30 FreeRTOS/MemManager/heap_3.o
                                 0x31 (size before relaxing)
 .comment       0x00000030       0x31 FreeRTOS/portable/port.o
 .comment       0x00000030       0x31 FreeRTOS/Src/digitalAnalog.o
 .comment       0x00000030       0x31 FreeRTOS/Src/hooks.o
 .comment       0x00000030       0x31 FreeRTOS/Src/list.o
 .comment       0x00000030       0x31 FreeRTOS/Src/queue.o
 .comment       0x00000030       0x31 FreeRTOS/Src/serial.o
 .comment       0x00000030       0x31 FreeRTOS/Src/spi.o
 .comment       0x00000030       0x31 FreeRTOS/Src/tasks.o
 .comment       0x00000030       0x31 FreeRTOS/Src/timers.o
 .comment       0x00000030       0x31 main.o
 .comment       0x00000030       0x31 User/Src/ade7758.o
 .comment       0x00000030       0x31 User/Src/Errors.o
 .comment       0x00000030       0x31 User/Src/ModBus.o
 .comment       0x00000030       0x31 User/Src/Mods.o
 .comment       0x00000030       0x31 User/Src/Sensors.o
 .comment       0x00000030       0x31 User/Src/TRV.o
 .comment       0x00000030       0x2c c:/program files (x86)/atmel/studio/7.0/toolchain/avr8/avr8-gnu-toolchain/bin/../lib/gcc/avr/5.4.0/../../../../avr/lib/avr6\libprintf_flt.a(vfprintf_flt.o)
                                 0x2d (size before relaxing)
 .comment       0x0000005c       0x31 c:/program files (x86)/atmel/studio/7.0/toolchain/avr8/avr8-gnu-toolchain/bin/../lib/gcc/avr/5.4.0/../../../../avr/lib/avr6\libc.a(malloc.o)
 .comment       0x0000005c       0x31 c:/program files (x86)/atmel/studio/7.0/toolchain/avr8/avr8-gnu-toolchain/bin/../lib/gcc/avr/5.4.0/../../../../avr/lib/avr6\libc.a(fputc.o)
 .comment       0x0000005c       0x31 c:/program files (x86)/atmel/studio/7.0/toolchain/avr8/avr8-gnu-toolchain/bin/../lib/gcc/avr/5.4.0/../../../../avr/lib/avr6\libc.a(vsnprintf.o)
 .comment       0x0000005c       0x31 c:/program files (x86)/atmel/studio/7.0/toolchain/avr8/avr8-gnu-toolchain/bin/../lib/gcc/avr/5.4.0/../../../../avr/lib/avr6\libc.a(difftime.o)
 .comment       0x0000005c       0x31 c:/program files (x86)/atmel/studio/7.0/toolchain/avr8/avr8-gnu-toolchain/bin/../lib/gcc/avr/5.4.0/../../../../avr/lib/avr6\libc.a(time.o)
 .comment       0x0000005c       0x31 c:/program files (x86)/atmel/studio/7.0/toolchain/avr8/avr8-gnu-toolchain/bin/../lib/gcc/avr/5.4.0/../../../../avr/lib/avr6\libc.a(system_time.o)

.note.gnu.avr.deviceinfo
                0x00000000       0x40
 .note.gnu.avr.deviceinfo
                0x00000000       0x40 C:/Program Files (x86)/Atmel/Studio/7.0/Packs/atmel/ATmega_DFP/1.2.209/gcc/dev/atmega2560/avr6/crtatmega2560.o

.note.gnu.build-id
 *(.note.gnu.build-id)

.debug
 *(.debug)

.line
 *(.line)

.debug_srcinfo
 *(.debug_srcinfo)

.debug_sfnames
 *(.debug_sfnames)

.debug_aranges  0x00000000      0xaa8
 *(.debug_aranges)
 .debug_aranges
                0x00000000       0x28 FreeRTOS/MemManager/heap_3.o
 .debug_aranges
                0x00000028       0x48 FreeRTOS/portable/port.o
 .debug_aranges
                0x00000070       0x40 FreeRTOS/Src/digitalAnalog.o
 .debug_aranges
                0x000000b0       0x30 FreeRTOS/Src/hooks.o
 .debug_aranges
                0x000000e0       0x40 FreeRTOS/Src/list.o
 .debug_aranges
                0x00000120      0x100 FreeRTOS/Src/queue.o
 .debug_aranges
                0x00000220      0x158 FreeRTOS/Src/serial.o
 .debug_aranges
                0x00000378       0x88 FreeRTOS/Src/spi.o
 .debug_aranges
                0x00000400      0x170 FreeRTOS/Src/tasks.o
 .debug_aranges
                0x00000570       0x88 FreeRTOS/Src/timers.o
 .debug_aranges
                0x000005f8       0x48 main.o
 .debug_aranges
                0x00000640      0x1e0 User/Src/ade7758.o
 .debug_aranges
                0x00000820       0x20 User/Src/Errors.o
 .debug_aranges
                0x00000840       0x60 User/Src/ModBus.o
 .debug_aranges
                0x000008a0       0xc8 User/Src/Mods.o
 .debug_aranges
                0x00000968       0x50 User/Src/Sensors.o
 .debug_aranges
                0x000009b8       0x50 User/Src/TRV.o
 .debug_aranges
                0x00000a08       0x20 C:/Program Files (x86)/Atmel/Studio/7.0/Packs/atmel/ATmega_DFP/1.2.209/gcc/dev/atmega2560/avr6\libatmega2560.a(eerd_block.o)
 .debug_aranges
                0x00000a28       0x20 C:/Program Files (x86)/Atmel/Studio/7.0/Packs/atmel/ATmega_DFP/1.2.209/gcc/dev/atmega2560/avr6\libatmega2560.a(eeupd_block.o)
 .debug_aranges
                0x00000a48       0x20 C:/Program Files (x86)/Atmel/Studio/7.0/Packs/atmel/ATmega_DFP/1.2.209/gcc/dev/atmega2560/avr6\libatmega2560.a(eeupd_byte.o)
 .debug_aranges
                0x00000a68       0x20 C:/Program Files (x86)/Atmel/Studio/7.0/Packs/atmel/ATmega_DFP/1.2.209/gcc/dev/atmega2560/avr6\libatmega2560.a(eewr_block.o)
 .debug_aranges
                0x00000a88       0x20 C:/Program Files (x86)/Atmel/Studio/7.0/Packs/atmel/ATmega_DFP/1.2.209/gcc/dev/atmega2560/avr6\libatmega2560.a(eewr_byte.o)

.debug_pubnames
 *(.debug_pubnames)

.debug_info     0x00000000    0x11968
 *(.debug_info .gnu.linkonce.wi.*)
 .debug_info    0x00000000      0xbbc C:/Program Files (x86)/Atmel/Studio/7.0/Packs/atmel/ATmega_DFP/1.2.209/gcc/dev/atmega2560/avr6/crtatmega2560.o
 .debug_info    0x00000bbc      0x19f FreeRTOS/MemManager/heap_3.o
 .debug_info    0x00000d5b      0x2ab FreeRTOS/portable/port.o
 .debug_info    0x00001006      0x14c FreeRTOS/Src/digitalAnalog.o
 .debug_info    0x00001152      0x1b3 FreeRTOS/Src/hooks.o
 .debug_info    0x00001305      0x2cf FreeRTOS/Src/list.o
 .debug_info    0x000015d4     0x1ac7 FreeRTOS/Src/queue.o
 .debug_info    0x0000309b     0x2177 FreeRTOS/Src/serial.o
 .debug_info    0x00005212      0x610 FreeRTOS/Src/spi.o
 .debug_info    0x00005822     0x1f59 FreeRTOS/Src/tasks.o
 .debug_info    0x0000777b     0x1025 FreeRTOS/Src/timers.o
 .debug_info    0x000087a0     0x178c main.o
 .debug_info    0x00009f2c     0x14e9 User/Src/ade7758.o
 .debug_info    0x0000b415      0x7c5 User/Src/Errors.o
 .debug_info    0x0000bbda      0xda3 User/Src/ModBus.o
 .debug_info    0x0000c97d     0x2f94 User/Src/Mods.o
 .debug_info    0x0000f911     0x12f5 User/Src/Sensors.o
 .debug_info    0x00010c06      0xa01 User/Src/TRV.o
 .debug_info    0x00011607       0xad C:/Program Files (x86)/Atmel/Studio/7.0/Packs/atmel/ATmega_DFP/1.2.209/gcc/dev/atmega2560/avr6\libatmega2560.a(eerd_block.o)
 .debug_info    0x000116b4       0xae C:/Program Files (x86)/Atmel/Studio/7.0/Packs/atmel/ATmega_DFP/1.2.209/gcc/dev/atmega2560/avr6\libatmega2560.a(eeupd_block.o)
 .debug_info    0x00011762       0xad C:/Program Files (x86)/Atmel/Studio/7.0/Packs/atmel/ATmega_DFP/1.2.209/gcc/dev/atmega2560/avr6\libatmega2560.a(eeupd_byte.o)
 .debug_info    0x0001180f       0xad C:/Program Files (x86)/Atmel/Studio/7.0/Packs/atmel/ATmega_DFP/1.2.209/gcc/dev/atmega2560/avr6\libatmega2560.a(eewr_block.o)
 .debug_info    0x000118bc       0xac C:/Program Files (x86)/Atmel/Studio/7.0/Packs/atmel/ATmega_DFP/1.2.209/gcc/dev/atmega2560/avr6\libatmega2560.a(eewr_byte.o)

.debug_abbrev   0x00000000     0x2e95
 *(.debug_abbrev)
 .debug_abbrev  0x00000000      0xb1a C:/Program Files (x86)/Atmel/Studio/7.0/Packs/atmel/ATmega_DFP/1.2.209/gcc/dev/atmega2560/avr6/crtatmega2560.o
 .debug_abbrev  0x00000b1a      0x107 FreeRTOS/MemManager/heap_3.o
 .debug_abbrev  0x00000c21      0x151 FreeRTOS/portable/port.o
 .debug_abbrev  0x00000d72       0xe6 FreeRTOS/Src/digitalAnalog.o
 .debug_abbrev  0x00000e58       0xf0 FreeRTOS/Src/hooks.o
 .debug_abbrev  0x00000f48       0xff FreeRTOS/Src/list.o
 .debug_abbrev  0x00001047      0x2cf FreeRTOS/Src/queue.o
 .debug_abbrev  0x00001316      0x415 FreeRTOS/Src/serial.o
 .debug_abbrev  0x0000172b      0x203 FreeRTOS/Src/spi.o
 .debug_abbrev  0x0000192e      0x33a FreeRTOS/Src/tasks.o
 .debug_abbrev  0x00001c68      0x2ec FreeRTOS/Src/timers.o
 .debug_abbrev  0x00001f54      0x237 main.o
 .debug_abbrev  0x0000218b      0x2c0 User/Src/ade7758.o
 .debug_abbrev  0x0000244b       0xc6 User/Src/Errors.o
 .debug_abbrev  0x00002511      0x285 User/Src/ModBus.o
 .debug_abbrev  0x00002796      0x247 User/Src/Mods.o
 .debug_abbrev  0x000029dd      0x29c User/Src/Sensors.o
 .debug_abbrev  0x00002c79      0x1b8 User/Src/TRV.o
 .debug_abbrev  0x00002e31       0x14 C:/Program Files (x86)/Atmel/Studio/7.0/Packs/atmel/ATmega_DFP/1.2.209/gcc/dev/atmega2560/avr6\libatmega2560.a(eerd_block.o)
 .debug_abbrev  0x00002e45       0x14 C:/Program Files (x86)/Atmel/Studio/7.0/Packs/atmel/ATmega_DFP/1.2.209/gcc/dev/atmega2560/avr6\libatmega2560.a(eeupd_block.o)
 .debug_abbrev  0x00002e59       0x14 C:/Program Files (x86)/Atmel/Studio/7.0/Packs/atmel/ATmega_DFP/1.2.209/gcc/dev/atmega2560/avr6\libatmega2560.a(eeupd_byte.o)
 .debug_abbrev  0x00002e6d       0x14 C:/Program Files (x86)/Atmel/Studio/7.0/Packs/atmel/ATmega_DFP/1.2.209/gcc/dev/atmega2560/avr6\libatmega2560.a(eewr_block.o)
 .debug_abbrev  0x00002e81       0x14 C:/Program Files (x86)/Atmel/Studio/7.0/Packs/atmel/ATmega_DFP/1.2.209/gcc/dev/atmega2560/avr6\libatmega2560.a(eewr_byte.o)

.debug_line     0x00000000     0x8d2d
 *(.debug_line .debug_line.* .debug_line_end)
 .debug_line    0x00000000      0x1f9 C:/Program Files (x86)/Atmel/Studio/7.0/Packs/atmel/ATmega_DFP/1.2.209/gcc/dev/atmega2560/avr6/crtatmega2560.o
 .debug_line    0x000001f9      0x18c FreeRTOS/MemManager/heap_3.o
 .debug_line    0x00000385      0x2ef FreeRTOS/portable/port.o
 .debug_line    0x00000674      0x18e FreeRTOS/Src/digitalAnalog.o
 .debug_line    0x00000802      0x1cd FreeRTOS/Src/hooks.o
 .debug_line    0x000009cf      0x1ea FreeRTOS/Src/list.o
 .debug_line    0x00000bb9      0xd9c FreeRTOS/Src/queue.o
 .debug_line    0x00001955     0x194b FreeRTOS/Src/serial.o
 .debug_line    0x000032a0      0x523 FreeRTOS/Src/spi.o
 .debug_line    0x000037c3     0x1156 FreeRTOS/Src/tasks.o
 .debug_line    0x00004919      0x4e6 FreeRTOS/Src/timers.o
 .debug_line    0x00004dff      0x5b4 main.o
 .debug_line    0x000053b3      0x9e5 User/Src/ade7758.o
 .debug_line    0x00005d98      0x33b User/Src/Errors.o
 .debug_line    0x000060d3      0x7e9 User/Src/ModBus.o
 .debug_line    0x000068bc     0x1161 User/Src/Mods.o
 .debug_line    0x00007a1d      0xb4c User/Src/Sensors.o
 .debug_line    0x00008569      0x4a0 User/Src/TRV.o
 .debug_line    0x00008a09       0xab C:/Program Files (x86)/Atmel/Studio/7.0/Packs/atmel/ATmega_DFP/1.2.209/gcc/dev/atmega2560/avr6\libatmega2560.a(eerd_block.o)
 .debug_line    0x00008ab4       0xa5 C:/Program Files (x86)/Atmel/Studio/7.0/Packs/atmel/ATmega_DFP/1.2.209/gcc/dev/atmega2560/avr6\libatmega2560.a(eeupd_block.o)
 .debug_line    0x00008b59       0xb6 C:/Program Files (x86)/Atmel/Studio/7.0/Packs/atmel/ATmega_DFP/1.2.209/gcc/dev/atmega2560/avr6\libatmega2560.a(eeupd_byte.o)
 .debug_line    0x00008c0f       0x80 C:/Program Files (x86)/Atmel/Studio/7.0/Packs/atmel/ATmega_DFP/1.2.209/gcc/dev/atmega2560/avr6\libatmega2560.a(eewr_block.o)
 .debug_line    0x00008c8f       0x9e C:/Program Files (x86)/Atmel/Studio/7.0/Packs/atmel/ATmega_DFP/1.2.209/gcc/dev/atmega2560/avr6\libatmega2560.a(eewr_byte.o)

.debug_frame    0x00000000     0x2944
 *(.debug_frame)
 .debug_frame   0x00000000       0x4c FreeRTOS/MemManager/heap_3.o
 .debug_frame   0x0000004c       0x74 FreeRTOS/portable/port.o
 .debug_frame   0x000000c0       0x64 FreeRTOS/Src/digitalAnalog.o
 .debug_frame   0x00000124       0x44 FreeRTOS/Src/hooks.o
 .debug_frame   0x00000168       0x90 FreeRTOS/Src/list.o
 .debug_frame   0x000001f8      0x42c FreeRTOS/Src/queue.o
 .debug_frame   0x00000624      0x808 FreeRTOS/Src/serial.o
 .debug_frame   0x00000e2c      0x118 FreeRTOS/Src/spi.o
 .debug_frame   0x00000f44      0x5b8 FreeRTOS/Src/tasks.o
 .debug_frame   0x000014fc      0x218 FreeRTOS/Src/timers.o
 .debug_frame   0x00001714      0x144 main.o
 .debug_frame   0x00001858      0x50c User/Src/ade7758.o
 .debug_frame   0x00001d64       0x7c User/Src/Errors.o
 .debug_frame   0x00001de0      0x11c User/Src/ModBus.o
 .debug_frame   0x00001efc      0x6f8 User/Src/Mods.o
 .debug_frame   0x000025f4      0x1a4 User/Src/Sensors.o
 .debug_frame   0x00002798      0x1ac User/Src/TRV.o

.debug_str      0x00000000     0x3a53
 *(.debug_str)
 .debug_str     0x00000000      0x3e6 C:/Program Files (x86)/Atmel/Studio/7.0/Packs/atmel/ATmega_DFP/1.2.209/gcc/dev/atmega2560/avr6/crtatmega2560.o
 .debug_str     0x000003e6      0x1ca FreeRTOS/MemManager/heap_3.o
                                0x203 (size before relaxing)
 .debug_str     0x000005b0      0x17d FreeRTOS/portable/port.o
                                0x2f0 (size before relaxing)
 .debug_str     0x0000072d       0xa5 FreeRTOS/Src/digitalAnalog.o
                                0x215 (size before relaxing)
 .debug_str     0x000007d2       0xab FreeRTOS/Src/hooks.o
                                0x241 (size before relaxing)
 .debug_str     0x0000087d      0x140 FreeRTOS/Src/list.o
                                0x2c2 (size before relaxing)
 .debug_str     0x000009bd      0x6e9 FreeRTOS/Src/queue.o
                                0x9ad (size before relaxing)
 .debug_str     0x000010a6      0x5a2 FreeRTOS/Src/serial.o
                                0x7d1 (size before relaxing)
 .debug_str     0x00001648      0x240 FreeRTOS/Src/spi.o
                                0x454 (size before relaxing)
 .debug_str     0x00001888      0x8c1 FreeRTOS/Src/tasks.o
                                0xe42 (size before relaxing)
 .debug_str     0x00002149      0x403 FreeRTOS/Src/timers.o
                                0x7fb (size before relaxing)
 .debug_str     0x0000254c      0x9b9 main.o
                                0xe3b (size before relaxing)
 .debug_str     0x00002f05      0x500 User/Src/ade7758.o
                                0x804 (size before relaxing)
 .debug_str     0x00003405       0x22 User/Src/Errors.o
                                0x748 (size before relaxing)
 .debug_str     0x00003427       0xf1 User/Src/ModBus.o
                                0x9d5 (size before relaxing)
 .debug_str     0x00003518      0x3f1 User/Src/Mods.o
                                0xf95 (size before relaxing)
 .debug_str     0x00003909       0xd8 User/Src/Sensors.o
                                0x55b (size before relaxing)
 .debug_str     0x000039e1       0x72 User/Src/TRV.o
                                0x5b7 (size before relaxing)

.debug_loc      0x00000000     0xf405
 *(.debug_loc)
 .debug_loc     0x00000000      0x102 FreeRTOS/MemManager/heap_3.o
 .debug_loc     0x00000102      0x2e8 FreeRTOS/portable/port.o
 .debug_loc     0x000003ea       0xec FreeRTOS/Src/digitalAnalog.o
 .debug_loc     0x000004d6       0x88 FreeRTOS/Src/hooks.o
 .debug_loc     0x0000055e      0x17d FreeRTOS/Src/list.o
 .debug_loc     0x000006db     0x2252 FreeRTOS/Src/queue.o
 .debug_loc     0x0000292d     0x2b5d FreeRTOS/Src/serial.o
 .debug_loc     0x0000548a      0x512 FreeRTOS/Src/spi.o
 .debug_loc     0x0000599c     0x25b7 FreeRTOS/Src/tasks.o
 .debug_loc     0x00007f53      0xd15 FreeRTOS/Src/timers.o
 .debug_loc     0x00008c68      0x3c5 main.o
 .debug_loc     0x0000902d     0x1420 User/Src/ade7758.o
 .debug_loc     0x0000a44d      0x171 User/Src/Errors.o
 .debug_loc     0x0000a5be     0x15cb User/Src/ModBus.o
 .debug_loc     0x0000bb89     0x1b70 User/Src/Mods.o
 .debug_loc     0x0000d6f9     0x1675 User/Src/Sensors.o
 .debug_loc     0x0000ed6e      0x697 User/Src/TRV.o

.debug_macinfo
 *(.debug_macinfo)

.debug_weaknames
 *(.debug_weaknames)

.debug_funcnames
 *(.debug_funcnames)

.debug_typenames
 *(.debug_typenames)

.debug_varnames
 *(.debug_varnames)

.debug_pubtypes
 *(.debug_pubtypes)

.debug_ranges   0x00000000      0xca0
 *(.debug_ranges)
 .debug_ranges  0x00000000       0x18 FreeRTOS/MemManager/heap_3.o
 .debug_ranges  0x00000018       0x38 FreeRTOS/portable/port.o
 .debug_ranges  0x00000050       0x30 FreeRTOS/Src/digitalAnalog.o
 .debug_ranges  0x00000080       0x20 FreeRTOS/Src/hooks.o
 .debug_ranges  0x000000a0       0x30 FreeRTOS/Src/list.o
 .debug_ranges  0x000000d0      0x180 FreeRTOS/Src/queue.o
 .debug_ranges  0x00000250      0x3a8 FreeRTOS/Src/serial.o
 .debug_ranges  0x000005f8       0x78 FreeRTOS/Src/spi.o
 .debug_ranges  0x00000670      0x1c0 FreeRTOS/Src/tasks.o
 .debug_ranges  0x00000830       0xd0 FreeRTOS/Src/timers.o
 .debug_ranges  0x00000900       0x38 main.o
 .debug_ranges  0x00000938      0x1d0 User/Src/ade7758.o
 .debug_ranges  0x00000b08       0x10 User/Src/Errors.o
 .debug_ranges  0x00000b18       0x50 User/Src/ModBus.o
 .debug_ranges  0x00000b68       0xb8 User/Src/Mods.o
 .debug_ranges  0x00000c20       0x40 User/Src/Sensors.o
 .debug_ranges  0x00000c60       0x40 User/Src/TRV.o

.debug_macro
 *(.debug_macro)
OUTPUT(mega2560_Rtos.elf elf32-avr)
LOAD linker stubs
